
2024-02-20 11:16:51.743820
Response None from SQL for fetch tool query: SELECT DefID, TypeName, DefToolID, DefReplacementQty, DefProducedQty, DefConfirmation, DefRelease, StatsProdAllowed, AdrIDLine, AdrIDMachine, StatsDescription FROM vToolDefinitionFullView WHERE TypeName = 'B-LE12-HA-NA-TYPD' AND DefToolID = '0016'
2024-02-20 11:16:52.088706
Response None from SQL for fetch tool query: SELECT DefID, TypeName, DefToolID, DefReplacementQty, DefProducedQty, DefConfirmation, DefRelease, StatsProdAllowed, AdrIDLine, AdrIDMachine, StatsDescription FROM vToolDefinitionFullView WHERE TypeName = 'B-LE12-HA-NA-TYPD' AND DefToolID = '0016'
2024-02-20 11:16:52.394750
Response None from SQL for fetch tool query: SELECT DefID, TypeName, DefToolID, DefReplacementQty, DefProducedQty, DefConfirmation, DefRelease, StatsProdAllowed, AdrIDLine, AdrIDMachine, StatsDescription FROM vToolDefinitionFullView WHERE TypeName = 'B-LE12-HA-NA-TYPD' AND DefToolID = '0016'
2024-02-20 11:16:52.755377
Response None from SQL for fetch tool query: SELECT DefID, TypeName, DefToolID, DefReplacementQty, DefProducedQty, DefConfirmation, DefRelease, StatsProdAllowed, AdrIDLine, AdrIDMachine, StatsDescription FROM vToolDefinitionFullView WHERE TypeName = 'B-LE12-HA-NA-TYPD' AND DefToolID = '0016'
2024-02-20 11:16:53.087250
Response None from SQL for fetch tool query: SELECT DefID, TypeName, DefToolID, DefReplacementQty, DefProducedQty, DefConfirmation, DefRelease, StatsProdAllowed, AdrIDLine, AdrIDMachine, StatsDescription FROM vToolDefinitionFullView WHERE TypeName = 'B-LE12-HA-NA-TYPD' AND DefToolID = '0016'
2024-02-20 11:16:53.420445
Response None from SQL for fetch tool query: SELECT DefID, TypeName, DefToolID, DefReplacementQty, DefProducedQty, DefConfirmation, DefRelease, StatsProdAllowed, AdrIDLine, AdrIDMachine, StatsDescription FROM vToolDefinitionFullView WHERE TypeName = 'B-LE12-HA-NA-TYPD' AND DefToolID = '0016'
2024-02-20 11:16:53.953372
Response None from SQL for fetch tool query: SELECT DefID, TypeName, DefToolID, DefReplacementQty, DefProducedQty, DefConfirmation, DefRelease, StatsProdAllowed, AdrIDLine, AdrIDMachine, StatsDescription FROM vToolDefinitionFullView WHERE TypeName = 'B-LE12-HA-NA-TYPD' AND DefToolID = '0016'
2024-02-20 11:16:54.388006
Response None from SQL for fetch tool query: SELECT DefID, TypeName, DefToolID, DefReplacementQty, DefProducedQty, DefConfirmation, DefRelease, StatsProdAllowed, AdrIDLine, AdrIDMachine, StatsDescription FROM vToolDefinitionFullView WHERE TypeName = 'B-LE12-HA-NA-TYPD' AND DefToolID = '0016'
2024-02-20 11:16:54.779944
Response None from SQL for fetch tool query: SELECT DefID, TypeName, DefToolID, DefReplacementQty, DefProducedQty, DefConfirmation, DefRelease, StatsProdAllowed, AdrIDLine, AdrIDMachine, StatsDescription FROM vToolDefinitionFullView WHERE TypeName = 'B-LE12-HA-NA-TYPD' AND DefToolID = '0016'
2024-02-20 11:16:55.091181
Response None from SQL for fetch tool query: SELECT DefID, TypeName, DefToolID, DefReplacementQty, DefProducedQty, DefConfirmation, DefRelease, StatsProdAllowed, AdrIDLine, AdrIDMachine, StatsDescription FROM vToolDefinitionFullView WHERE TypeName = 'B-LE12-HA-NA-TYPD' AND DefToolID = '0016'
2024-02-20 11:16:55.442390
Response None from SQL for fetch tool query: SELECT DefID, TypeName, DefToolID, DefReplacementQty, DefProducedQty, DefConfirmation, DefRelease, StatsProdAllowed, AdrIDLine, AdrIDMachine, StatsDescription FROM vToolDefinitionFullView WHERE TypeName = 'B-LE12-HA-NA-TYPD' AND DefToolID = '0016'
2024-02-20 11:16:55.842017
Response None from SQL for fetch tool query: SELECT DefID, TypeName, DefToolID, DefReplacementQty, DefProducedQty, DefConfirmation, DefRelease, StatsProdAllowed, AdrIDLine, AdrIDMachine, StatsDescription FROM vToolDefinitionFullView WHERE TypeName = 'B-LE12-HA-NA-TYPD' AND DefToolID = '0016'
2024-02-20 11:16:56.238958
Response None from SQL for fetch tool query: SELECT DefID, TypeName, DefToolID, DefReplacementQty, DefProducedQty, DefConfirmation, DefRelease, StatsProdAllowed, AdrIDLine, AdrIDMachine, StatsDescription FROM vToolDefinitionFullView WHERE TypeName = 'B-LE12-HA-NA-TYPD' AND DefToolID = '0016'
2024-02-20 11:16:56.658959
Response None from SQL for fetch tool query: SELECT DefID, TypeName, DefToolID, DefReplacementQty, DefProducedQty, DefConfirmation, DefRelease, StatsProdAllowed, AdrIDLine, AdrIDMachine, StatsDescription FROM vToolDefinitionFullView WHERE TypeName = 'B-LE12-HA-NA-TYPD' AND DefToolID = '0016'
2024-02-20 11:18:09.912402
Response None from SQL for fetch tool query: SELECT DefID, TypeName, DefToolID, DefReplacementQty, DefProducedQty, DefConfirmation, DefRelease, StatsProdAllowed, AdrIDLine, AdrIDMachine, StatsDescription FROM vToolDefinitionFullView WHERE TypeName = 'B-LE12-HA-NA-TYPD' AND DefToolID = '0016'
2024-02-20 11:18:10.264911
Response None from SQL for fetch tool query: SELECT DefID, TypeName, DefToolID, DefReplacementQty, DefProducedQty, DefConfirmation, DefRelease, StatsProdAllowed, AdrIDLine, AdrIDMachine, StatsDescription FROM vToolDefinitionFullView WHERE TypeName = 'B-LE12-HA-NA-TYPD' AND DefToolID = '0016'
2024-02-20 11:18:10.623833
Response None from SQL for fetch tool query: SELECT DefID, TypeName, DefToolID, DefReplacementQty, DefProducedQty, DefConfirmation, DefRelease, StatsProdAllowed, AdrIDLine, AdrIDMachine, StatsDescription FROM vToolDefinitionFullView WHERE TypeName = 'B-LE12-HA-NA-TYPD' AND DefToolID = '0016'
2024-02-20 11:18:10.962893
Response None from SQL for fetch tool query: SELECT DefID, TypeName, DefToolID, DefReplacementQty, DefProducedQty, DefConfirmation, DefRelease, StatsProdAllowed, AdrIDLine, AdrIDMachine, StatsDescription FROM vToolDefinitionFullView WHERE TypeName = 'B-LE12-HA-NA-TYPD' AND DefToolID = '0016'
2024-02-20 11:18:11.286729
Response None from SQL for fetch tool query: SELECT DefID, TypeName, DefToolID, DefReplacementQty, DefProducedQty, DefConfirmation, DefRelease, StatsProdAllowed, AdrIDLine, AdrIDMachine, StatsDescription FROM vToolDefinitionFullView WHERE TypeName = 'B-LE12-HA-NA-TYPD' AND DefToolID = '0016'
2024-02-20 11:18:11.654254
Response None from SQL for fetch tool query: SELECT DefID, TypeName, DefToolID, DefReplacementQty, DefProducedQty, DefConfirmation, DefRelease, StatsProdAllowed, AdrIDLine, AdrIDMachine, StatsDescription FROM vToolDefinitionFullView WHERE TypeName = 'B-LE12-HA-NA-TYPD' AND DefToolID = '0016'
2024-02-20 11:18:12.052858
Response None from SQL for fetch tool query: SELECT DefID, TypeName, DefToolID, DefReplacementQty, DefProducedQty, DefConfirmation, DefRelease, StatsProdAllowed, AdrIDLine, AdrIDMachine, StatsDescription FROM vToolDefinitionFullView WHERE TypeName = 'B-LE12-HA-NA-TYPD' AND DefToolID = '0016'
2024-02-20 11:18:12.426802
Response None from SQL for fetch tool query: SELECT DefID, TypeName, DefToolID, DefReplacementQty, DefProducedQty, DefConfirmation, DefRelease, StatsProdAllowed, AdrIDLine, AdrIDMachine, StatsDescription FROM vToolDefinitionFullView WHERE TypeName = 'B-LE12-HA-NA-TYPD' AND DefToolID = '0016'
2024-02-20 11:18:12.819580
Response None from SQL for fetch tool query: SELECT DefID, TypeName, DefToolID, DefReplacementQty, DefProducedQty, DefConfirmation, DefRelease, StatsProdAllowed, AdrIDLine, AdrIDMachine, StatsDescription FROM vToolDefinitionFullView WHERE TypeName = 'B-LE12-HA-NA-TYPD' AND DefToolID = '0016'
2024-02-20 11:18:13.208070
Response None from SQL for fetch tool query: SELECT DefID, TypeName, DefToolID, DefReplacementQty, DefProducedQty, DefConfirmation, DefRelease, StatsProdAllowed, AdrIDLine, AdrIDMachine, StatsDescription FROM vToolDefinitionFullView WHERE TypeName = 'B-LE12-HA-NA-TYPD' AND DefToolID = '0016'
2024-02-20 11:18:13.593561
Response None from SQL for fetch tool query: SELECT DefID, TypeName, DefToolID, DefReplacementQty, DefProducedQty, DefConfirmation, DefRelease, StatsProdAllowed, AdrIDLine, AdrIDMachine, StatsDescription FROM vToolDefinitionFullView WHERE TypeName = 'B-LE12-HA-NA-TYPD' AND DefToolID = '0016'
2024-02-20 11:24:57.157348
Response None from SQL for fetch tool query: SELECT DefID, TypeName, DefToolID, DefReplacementQty, DefProducedQty, DefConfirmation, DefRelease, StatsProdAllowed, AdrIDLine, AdrIDMachine, StatsDescription FROM vToolDefinitionFullView WHERE TypeName = 'B-LE12-HA-NA-TYPD' AND DefToolID = '0016'
2024-03-07 13:29:19.875848
list index out of range
2024-03-07 13:29:20.290782
list index out of range
2024-03-07 13:29:20.721356
list index out of range
2024-03-07 13:29:21.148870
list index out of range
2024-03-07 13:29:21.560393
list index out of range
2024-03-07 13:29:21.990041
list index out of range
2024-03-07 13:29:22.403319
list index out of range
2024-03-07 13:29:22.847540
list index out of range
2024-03-07 13:29:23.297430
list index out of range
2024-03-07 13:29:23.768100
list index out of range
2024-03-07 13:29:24.249330
list index out of range
2024-03-07 13:29:24.717980
list index out of range
2024-03-07 13:29:25.161074
list index out of range
2024-03-07 13:29:25.570485
list index out of range
2024-03-07 13:29:26.009333
list index out of range
2024-03-07 13:29:26.443133
list index out of range
2024-03-07 13:29:26.891152
list index out of range
2024-03-07 13:29:27.308374
list index out of range
2024-03-07 13:29:27.763919
list index out of range
2024-03-07 14:01:20.616237
list index out of range
2024-03-07 14:02:26.954888
list index out of range
2024-03-07 14:05:04.391195
list index out of range
2024-03-07 14:18:23.309718
list index out of range
2024-03-07 14:32:49.028745
list index out of range
2024-03-07 14:36:04.850089
list index out of range
2024-03-11 13:56:40.512813
Response None from SQL for fetch tool query: SELECT DefID, TypeName, DefToolID, DefReplacementQty, DefProducedQty, DefConfirmation, DefRelease, StatsProdAllowed, AdrIDLine, AdrIDMachine, StatsDescription FROM vToolDefinitionFullView WHERE TypeName = 'B-LE12-HA-N/A-TYPD' AND DefToolID = '0616'